src/app/layout.tsx(132,30): error TS2740: Type 'Record<string, any>' is missing the following properties from type 'PerformanceSettings': eco_mode, particles_enabled, recursive_geometry_enabled, smooth_scroll_enabled, and 5 more.
src/components/providers/EnvironmentalProvider.tsx(55,13): error TS2554: Expected 1 arguments, but got 2.
src/components/providers/EnvironmentalProvider.tsx(55,14): error TS7006: Parameter 'performance' implicitly has an 'any' type.
src/components/providers/EnvironmentalProvider.tsx(55,27): error TS7006: Parameter 'previousPerformance' implicitly has an 'any' type.
